com\mcserver\launcher\minecraft\MinecraftLauncher.class
com\mcserver\launcher\auth\MicrosoftAuthenticator$MinecraftSession.class
com\mcserver\launcher\mod\ModSlot$Category.class
com\mcserver\launcher\mod\ModInfo.class
com\mcserver\launcher\SimpleLauncher$2.class
com\mcserver\launcher\github\ModSyncManager.class
com\mcserver\launcher\ui\ModsController$1.class
com\mcserver\launcher\auth\MicrosoftAuthenticator.class
com\mcserver\launcher\TestApp.class
com\mcserver\launcher\config\LauncherConfig.class
com\mcserver\launcher\mod\ModManager.class
com\mcserver\launcher\mod\ModSlot.class
com\mcserver\launcher\auth\MicrosoftAuthenticator$DeviceCodeResponse.class
com\mcserver\launcher\util\JavaChecker.class
com\mcserver\launcher\SimpleLauncher.class
com\mcserver\launcher\auth\MicrosoftAuthenticator$XSTSResponse.class
com\mcserver\launcher\auth\MicrosoftAuthenticator$MinecraftProfile.class
com\mcserver\launcher\auth\MicrosoftAuthenticator$TokenResponse.class
com\mcserver\launcher\github\UpdateManager$GitHubRelease.class
com\mcserver\launcher\LauncherApplication.class
com\mcserver\launcher\TestFXMLApp.class
com\mcserver\launcher\SimpleLauncher$1.class
com\mcserver\launcher\download\DownloadManager.class
com\mcserver\launcher\auth\UserProfile.class
com\mcserver\launcher\github\ModSyncManager$GitHubFile.class
com\mcserver\launcher\github\UpdateManager.class
com\mcserver\launcher\LauncherMain.class
com\mcserver\launcher\ui\ModsController.class
com\mcserver\launcher\ui\SettingsController.class
com\mcserver\launcher\LauncherController.class
